
> foundry-auth-ui@0.1.0 start
> next start --hostname 127.0.0.1 --port 3002

   ▲ Next.js 15.5.18
   - Local:        http://127.0.0.1:3002
   - Network:      http://127.0.0.1:3002

 ✓ Starting...
 ✓ Ready in 760ms
[auth.signup] error: password authentication failed for user "postgres"
    at async q (E:\Atul-Abhishek\foundry\.next\server\app\api\auth\logout\route.js:10:77)
    at async i (E:\Atul-Abhishek\foundry\.next\server\app\api\auth\signup\route.js:1:7931)
    at async k (E:\Atul-Abhishek\foundry\.next\server\app\auth\signup\route.js:31:3644)
    at async g (E:\Atul-Abhishek\foundry\.next\server\app\auth\signup\route.js:31:4647)
    at async x (E:\Atul-Abhishek\foundry\.next\server\app\auth\signup\route.js:31:5769) {
  length: 104,
  severity: 'FATAL',
  code: '28P01',
  detail: undefined,
  hint: undefined,
  position: undefined,
  internalPosition: undefined,
  internalQuery: undefined,
  where: undefined,
  schema: undefined,
  table: undefined,
  column: undefined,
  dataType: undefined,
  constraint: undefined,
  file: 'auth.c',
  line: '320',
  routine: 'auth_failed'
}
[auth.login] error: password authentication failed for user "postgres"
    at async r (E:\Atul-Abhishek\foundry\.next\server\app\api\auth\logout\route.js:17:655)
    at async i (E:\Atul-Abhishek\foundry\.next\server\app\api\auth\login\route.js:1:787)
    at async k (E:\Atul-Abhishek\foundry\.next\server\app\auth\login\route.js:1:3351)
    at async g (E:\Atul-Abhishek\foundry\.next\server\app\auth\login\route.js:1:4354)
    at async x (E:\Atul-Abhishek\foundry\.next\server\app\auth\login\route.js:1:5476) {
  length: 104,
  severity: 'FATAL',
  code: '28P01',
  detail: undefined,
  hint: undefined,
  position: undefined,
  internalPosition: undefined,
  internalQuery: undefined,
  where: undefined,
  schema: undefined,
  table: undefined,
  column: undefined,
  dataType: undefined,
  constraint: undefined,
  file: 'auth.c',
  line: '320',
  routine: 'auth_failed'
}
